// Jest Snapshot v1, https://goo.gl/fbAQLP

exports[`tests on <PersonIcon /> should match snapshot 1`] = `
<div>
  <svg
    class="bi bi-person-fill "
    data-testid="svg"
    fill="currentColor"
    height="30"
    viewBox="0 0 16 16"
    width="30"
    xmlns="http://www.w3.org/2000/svg"
  >
    <path
      d="M3 14s-1 0-1-1 1-4 6-4 6 3 6 4-1 1-1 1H3Zm5-6a3 3 0 1 0 0-6 3 3 0 0 0 0 6Z"
    />
  </svg>
</div>
`;
